I'm sorry, but errors were detected in your script. Please correct the
errors listed below, and try again.


File "game/script.rpy", line 188: expected ':' not found.
    label ending_sophia_sacrifice
                                 ^

File "game/script.rpy", line 201: expected ':' not found.
    label ending_protag_sacrifice
                                 ^

File "game/script.rpy", line 245: expected ':' not found.
    label ending_wolfe
                      ^

File "game/script.rpy", line 259: expected ':' not found.
    label very_end
                  ^

Ren'Py Version: Ren'Py 7.4.8.1895
Thu May 25 00:53:33 2023
